// Jest Snapshot v1, https://goo.gl/fbAQLP

exports[`Stability Monitor constructor initializes with the correct props 1`] = `
StabilityMonitor {
  "durationTotal": 0,
  "emitter": EventEmitter {
    "events": Object {},
  },
  "entryBuffer": Array [],
  "isStable": true,
  "observer": Object {
    "disconnect": [MockFunction],
    "observe": [MockFunction] {
      "calls": Array [
        Array [
          Object {
            "entryTypes": Array [
              "resource",
            ],
          },
        ],
      ],
      "results": Array [
        Object {
          "type": "return",
          "value": undefined,
        },
      ],
    },
  },
  "run": [Function],
  "runningRequestCount": 5,
  "speedThreshold": 50,
  "transferSizeTotal": 0,
}
`;
