// Jest Snapshot v1, https://goo.gl/fbAQLP

exports[`Network constructor initializes with the correct props 1`] = `
Network {
  "eventEmitter": EventEmitter {
    "addEventListener": [MockFunction],
    "dispatchEvent": [MockFunction],
    "registerEvent": [MockFunction] {
      "calls": Array [
        Array [
          "online",
        ],
        Array [
          "offline",
        ],
        Array [
          "stable",
        ],
        Array [
          "unstable",
        ],
        Array [
          "degraded",
        ],
        Array [
          "resolved",
        ],
      ],
      "results": Array [
        Object {
          "type": "return",
          "value": undefined,
        },
        Object {
          "type": "return",
          "value": undefined,
        },
        Object {
          "type": "return",
          "value": undefined,
        },
        Object {
          "type": "return",
          "value": undefined,
        },
        Object {
          "type": "return",
          "value": undefined,
        },
        Object {
          "type": "return",
          "value": undefined,
        },
      ],
    },
  },
  "monitors": Object {
    "network": NetworkMonitor {
      "initialize": [MockFunction],
      "pause": [MockFunction],
      "resume": [MockFunction],
    },
    "service": ServiceMonitor {
      "decrement": [MockFunction],
      "getServiceForUrl": [MockFunction],
      "handleError": [MockFunction],
      "increment": [MockFunction],
      "initialize": [MockFunction],
      "pause": [MockFunction],
      "resume": [MockFunction],
      "waitAndDecrement": [MockFunction],
    },
    "stability": StabilityMonitor {
      "_addEntry": [MockFunction],
      "_adjustEntryWeights": [MockFunction],
      "_emitStabilityChanges": [MockFunction],
      "_removeOverflowEntry": [MockFunction],
      "initialize": [MockFunction],
      "pause": [MockFunction],
      "resume": [MockFunction],
      "run": [MockFunction],
    },
  },
}
`;
